Parameter "b" in function "test" has wrong type.
    Expected type: Number
    Current value: "2"
