Parameter "arr" in function "test" has wrong type.
    Expected type: Array<Number>
    Current value: "[1,"2"]"
