Parameter "record" in function "test" has wrong type.
    Expected type: {"a":"Number","b":"Number"}
    Current value: "{"a":1,"b":"2"}"
