Parameter "obj" in function "test" has wrong type.
    Expected type: Object<Number>
    Current value: "{"a":1,"b":"2"}"
