Parameter "data" in function "testFunction" has wrong type.
    Expected type: Test
    Current value: "wrong data"
