Parameter "b" in function "test" has wrong type.
    Expected type: Number (optional)
    Current value: "2"

