'TypeError: \n    Parameter "record" in function "test" has wrong type.\n    Expected type: {"a":"Number","b":"Number"}\n    Current value: "{"a":1,"b":"2"}"\n'
