'TypeError: \n    Parameter "data" in function "testFunction" has wrong type.\n    Expected: Test\n    Current:  "wrong data"\n'
