'TypeError: \n    Parameter "b" in function "test" has wrong type.\n    Expected: Number (optional)\n    Current:  "2"\n'

