'TypeError: \n    Parameter "data" in function "test" has wrong type.\n    Expected: {"id":"Number","name":"String"}|null\n    Current:  "{"id":"2"}"\n'
