'TypeError: Parameter "record" in function "test" has wrong type. It\'s "{"a":1,"b":2,"c":3}" now, but must have {{"a":"Number","b":"Number"}} type.'
